running egg_info
creating ..\..\..\build\bam_launcher\bam_launcher.egg-info
writing ..\..\..\build\bam_launcher\bam_launcher.egg-info\PKG-INFO
writing dependency_links to ..\..\..\build\bam_launcher\bam_launcher.egg-info\dependency_links.txt
writing requirements to ..\..\..\build\bam_launcher\bam_launcher.egg-info\requires.txt
writing top-level names to ..\..\..\build\bam_launcher\bam_launcher.egg-info\top_level.txt
writing manifest file '..\..\..\build\bam_launcher\bam_launcher.egg-info\SOURCES.txt'
reading manifest file '..\..\..\build\bam_launcher\bam_launcher.egg-info\SOURCES.txt'
writing manifest file '..\..\..\build\bam_launcher\bam_launcher.egg-info\SOURCES.txt'
running build
running build_py
creating D:\BAM\AE403-BAM\build\bam_launcher\build\lib\bam_launcher
copying bam_launcher\__init__.py -> D:\BAM\AE403-BAM\build\bam_launcher\build\lib\bam_launcher
running install
running install_lib
creating D:\BAM\AE403-BAM\install\bam_launcher\Lib\site-packages\bam_launcher
copying D:\BAM\AE403-BAM\build\bam_launcher\build\lib\bam_launcher\__init__.py -> D:\BAM\AE403-BAM\install\bam_launcher\Lib\site-packages\bam_launcher
byte-compiling D:\BAM\AE403-BAM\install\bam_launcher\Lib\site-packages\bam_launcher\__init__.py to __init__.cpython-312.pyc
running install_data
creating D:\BAM\AE403-BAM\install\bam_launcher\share\ament_index\resource_index\packages
copying resource\bam_launcher -> D:\BAM\AE403-BAM\install\bam_launcher\share\ament_index\resource_index\packages
copying package.xml -> D:\BAM\AE403-BAM\install\bam_launcher\share\bam_launcher
creating D:\BAM\AE403-BAM\install\bam_launcher\share\bam_launcher\launch
copying launch\bam_launch.py -> D:\BAM\AE403-BAM\install\bam_launcher\share\bam_launcher\launch
running install_egg_info
Copying ..\..\..\build\bam_launcher\bam_launcher.egg-info to D:\BAM\AE403-BAM\install\bam_launcher\Lib\site-packages\bam_launcher-0.0.1-py3.12.egg-info
running install_scripts
writing list of installed files to 'D:\BAM\AE403-BAM\build\bam_launcher\install.log'
