running egg_info
creating ..\..\..\build\drone_plotter_py\drone_plotter_py.egg-info
writing ..\..\..\build\drone_plotter_py\drone_plotter_py.egg-info\PKG-INFO
writing dependency_links to ..\..\..\build\drone_plotter_py\drone_plotter_py.egg-info\dependency_links.txt
writing entry points to ..\..\..\build\drone_plotter_py\drone_plotter_py.egg-info\entry_points.txt
writing requirements to ..\..\..\build\drone_plotter_py\drone_plotter_py.egg-info\requires.txt
writing top-level names to ..\..\..\build\drone_plotter_py\drone_plotter_py.egg-info\top_level.txt
writing manifest file '..\..\..\build\drone_plotter_py\drone_plotter_py.egg-info\SOURCES.txt'
reading manifest file '..\..\..\build\drone_plotter_py\drone_plotter_py.egg-info\SOURCES.txt'
writing manifest file '..\..\..\build\drone_plotter_py\drone_plotter_py.egg-info\SOURCES.txt'
running build
running build_py
creating D:\BAM\AE403-BAM\build\drone_plotter_py\build\lib\drone_plotter_py
copying drone_plotter_py\drone_plotter.py -> D:\BAM\AE403-BAM\build\drone_plotter_py\build\lib\drone_plotter_py
copying drone_plotter_py\__init__.py -> D:\BAM\AE403-BAM\build\drone_plotter_py\build\lib\drone_plotter_py
running install
running install_lib
creating D:\BAM\AE403-BAM\install\drone_plotter_py\Lib\site-packages\drone_plotter_py
copying D:\BAM\AE403-BAM\build\drone_plotter_py\build\lib\drone_plotter_py\drone_plotter.py -> D:\BAM\AE403-BAM\install\drone_plotter_py\Lib\site-packages\drone_plotter_py
copying D:\BAM\AE403-BAM\build\drone_plotter_py\build\lib\drone_plotter_py\__init__.py -> D:\BAM\AE403-BAM\install\drone_plotter_py\Lib\site-packages\drone_plotter_py
byte-compiling D:\BAM\AE403-BAM\install\drone_plotter_py\Lib\site-packages\drone_plotter_py\drone_plotter.py to drone_plotter.cpython-312.pyc
byte-compiling D:\BAM\AE403-BAM\install\drone_plotter_py\Lib\site-packages\drone_plotter_py\__init__.py to __init__.cpython-312.pyc
running install_data
creating D:\BAM\AE403-BAM\install\drone_plotter_py\share\ament_index\resource_index\packages
copying resource\drone_plotter_py -> D:\BAM\AE403-BAM\install\drone_plotter_py\share\ament_index\resource_index\packages
copying package.xml -> D:\BAM\AE403-BAM\install\drone_plotter_py\share\drone_plotter_py
running install_egg_info
Copying ..\..\..\build\drone_plotter_py\drone_plotter_py.egg-info to D:\BAM\AE403-BAM\install\drone_plotter_py\Lib\site-packages\drone_plotter_py-0.0.1-py3.12.egg-info
running install_scripts
Installing drone_plotter-script.py script to D:\BAM\AE403-BAM\install\drone_plotter_py\lib\drone_plotter_py
Installing drone_plotter.exe script to D:\BAM\AE403-BAM\install\drone_plotter_py\lib\drone_plotter_py
writing list of installed files to 'D:\BAM\AE403-BAM\build\drone_plotter_py\install.log'
