[4.734s] Invoking command in 'D:\BAM\AE403-BAM\ROS2_ws\visualization_pkgs\drone_plotter_py': PIXI_PROMPT=(robostack:jazzy) PYTHONPATH=D:\BAM\AE403-BAM\build\drone_plotter_py\prefix_override;C:\Users\SirSi\robostack\.pixi\envs\jazzy\Lib\site-packages\colcon_core\task\python\colcon_distutils_commands;D:\BAM\AE403-BAM\install\drone_plotter_py\Lib\site-packages;%PYTHONPATH% C:\Users\SirSi\robostack\.pixi\envs\jazzy\python.exe -W ignore:setup.py install is deprecated -W ignore:easy_install command is deprecated setup.py egg_info --egg-base ..\..\..\build\drone_plotter_py build --build-base D:\BAM\AE403-BAM\build\drone_plotter_py\build install --record D:\BAM\AE403-BAM\build\drone_plotter_py\install.log --single-version-externally-managed install_data
[5.484s] running egg_info
[5.515s] creating ..\..\..\build\drone_plotter_py\drone_plotter_py.egg-info
[5.515s] writing ..\..\..\build\drone_plotter_py\drone_plotter_py.egg-info\PKG-INFO
[5.531s] writing dependency_links to ..\..\..\build\drone_plotter_py\drone_plotter_py.egg-info\dependency_links.txt
[5.531s] writing entry points to ..\..\..\build\drone_plotter_py\drone_plotter_py.egg-info\entry_points.txt
[5.531s] writing requirements to ..\..\..\build\drone_plotter_py\drone_plotter_py.egg-info\requires.txt
[5.531s] writing top-level names to ..\..\..\build\drone_plotter_py\drone_plotter_py.egg-info\top_level.txt
[5.531s] writing manifest file '..\..\..\build\drone_plotter_py\drone_plotter_py.egg-info\SOURCES.txt'
[5.594s] reading manifest file '..\..\..\build\drone_plotter_py\drone_plotter_py.egg-info\SOURCES.txt'
[5.609s] writing manifest file '..\..\..\build\drone_plotter_py\drone_plotter_py.egg-info\SOURCES.txt'
[5.609s] running build
[5.609s] running build_py
[5.609s] creating D:\BAM\AE403-BAM\build\drone_plotter_py\build\lib\drone_plotter_py
[5.609s] copying drone_plotter_py\drone_plotter.py -> D:\BAM\AE403-BAM\build\drone_plotter_py\build\lib\drone_plotter_py
[5.625s] copying drone_plotter_py\__init__.py -> D:\BAM\AE403-BAM\build\drone_plotter_py\build\lib\drone_plotter_py
[5.625s] running install
[5.625s] running install_lib
[5.672s] creating D:\BAM\AE403-BAM\install\drone_plotter_py\Lib\site-packages\drone_plotter_py
[5.672s] copying D:\BAM\AE403-BAM\build\drone_plotter_py\build\lib\drone_plotter_py\drone_plotter.py -> D:\BAM\AE403-BAM\install\drone_plotter_py\Lib\site-packages\drone_plotter_py
[5.687s] copying D:\BAM\AE403-BAM\build\drone_plotter_py\build\lib\drone_plotter_py\__init__.py -> D:\BAM\AE403-BAM\install\drone_plotter_py\Lib\site-packages\drone_plotter_py
[5.687s] byte-compiling D:\BAM\AE403-BAM\install\drone_plotter_py\Lib\site-packages\drone_plotter_py\drone_plotter.py to drone_plotter.cpython-312.pyc
[5.703s] byte-compiling D:\BAM\AE403-BAM\install\drone_plotter_py\Lib\site-packages\drone_plotter_py\__init__.py to __init__.cpython-312.pyc
[5.703s] running install_data
[5.719s] creating D:\BAM\AE403-BAM\install\drone_plotter_py\share\ament_index\resource_index\packages
[5.719s] copying resource\drone_plotter_py -> D:\BAM\AE403-BAM\install\drone_plotter_py\share\ament_index\resource_index\packages
[5.719s] copying package.xml -> D:\BAM\AE403-BAM\install\drone_plotter_py\share\drone_plotter_py
[5.719s] running install_egg_info
[5.765s] Copying ..\..\..\build\drone_plotter_py\drone_plotter_py.egg-info to D:\BAM\AE403-BAM\install\drone_plotter_py\Lib\site-packages\drone_plotter_py-0.0.1-py3.12.egg-info
[5.844s] running install_scripts
[5.953s] Installing drone_plotter-script.py script to D:\BAM\AE403-BAM\install\drone_plotter_py\lib\drone_plotter_py
[5.984s] Installing drone_plotter.exe script to D:\BAM\AE403-BAM\install\drone_plotter_py\lib\drone_plotter_py
[5.984s] writing list of installed files to 'D:\BAM\AE403-BAM\build\drone_plotter_py\install.log'
[6.015s] Invoked command in 'D:\BAM\AE403-BAM\ROS2_ws\visualization_pkgs\drone_plotter_py' returned '0': PIXI_PROMPT=(robostack:jazzy) PYTHONPATH=D:\BAM\AE403-BAM\build\drone_plotter_py\prefix_override;C:\Users\SirSi\robostack\.pixi\envs\jazzy\Lib\site-packages\colcon_core\task\python\colcon_distutils_commands;D:\BAM\AE403-BAM\install\drone_plotter_py\Lib\site-packages;%PYTHONPATH% C:\Users\SirSi\robostack\.pixi\envs\jazzy\python.exe -W ignore:setup.py install is deprecated -W ignore:easy_install command is deprecated setup.py egg_info --egg-base ..\..\..\build\drone_plotter_py build --build-base D:\BAM\AE403-BAM\build\drone_plotter_py\build install --record D:\BAM\AE403-BAM\build\drone_plotter_py\install.log --single-version-externally-managed install_data
